Archive member included to satisfy reference by file (symbol)

/usr/lib/gcc/avr/5.4.0/avr25/libgcc.a(_mulsi3.o)
                              Main.o (__mulsi3)
/usr/lib/gcc/avr/5.4.0/avr25/libgcc.a(_exit.o)
                              /usr/lib/gcc/avr/5.4.0/../../../avr/lib/avr25/crtattiny88.o (exit)
/usr/lib/gcc/avr/5.4.0/avr25/libgcc.a(_copy_data.o)
                              Main.o (__do_copy_data)
/usr/lib/gcc/avr/5.4.0/avr25/libgcc.a(_clear_bss.o)
                              timers.o (__do_clear_bss)

Memory Configuration

Name             Origin             Length             Attributes
text             0x0000000000000000 0x0000000000002000 xr
data             0x0000000000800060 0x000000000000ffa0 rw !x
eeprom           0x0000000000810000 0x0000000000010000 rw !x
fuse             0x0000000000820000 0x0000000000000003 rw !x
lock             0x0000000000830000 0x0000000000000400 rw !x
signature        0x0000000000840000 0x0000000000000400 rw !x
user_signatures  0x0000000000850000 0x0000000000000400 rw !x
*default*        0x0000000000000000 0xffffffffffffffff

Linker script and memory map

Address of section .data set to 0x800100
LOAD /usr/lib/gcc/avr/5.4.0/../../../avr/lib/avr25/crtattiny88.o
LOAD /usr/lib/gcc/avr/5.4.0/../../../avr/lib/avr25/libm.a
LOAD timers.o
LOAD Main.o
LOAD interrupts.o
START GROUP
LOAD /usr/lib/gcc/avr/5.4.0/avr25/libgcc.a
LOAD /usr/lib/gcc/avr/5.4.0/../../../avr/lib/avr25/libm.a
LOAD /usr/lib/gcc/avr/5.4.0/../../../avr/lib/avr25/libc.a
LOAD /usr/lib/gcc/avr/5.4.0/../../../avr/lib/avr25/libattiny88.a
END GROUP
                0x0000000000002000                __TEXT_REGION_LENGTH__ = DEFINED (__TEXT_REGION_LENGTH__)?__TEXT_REGION_LENGTH__:0x2000
                0x000000000000ffa0                __DATA_REGION_LENGTH__ = DEFINED (__DATA_REGION_LENGTH__)?__DATA_REGION_LENGTH__:0xffa0
                0x0000000000010000                __EEPROM_REGION_LENGTH__ = DEFINED (__EEPROM_REGION_LENGTH__)?__EEPROM_REGION_LENGTH__:0x10000
                [0x0000000000000003]                __FUSE_REGION_LENGTH__ = DEFINED (__FUSE_REGION_LENGTH__)?__FUSE_REGION_LENGTH__:0x400
                0x0000000000000400                __LOCK_REGION_LENGTH__ = DEFINED (__LOCK_REGION_LENGTH__)?__LOCK_REGION_LENGTH__:0x400
                0x0000000000000400                __SIGNATURE_REGION_LENGTH__ = DEFINED (__SIGNATURE_REGION_LENGTH__)?__SIGNATURE_REGION_LENGTH__:0x400
                0x0000000000000400                __USER_SIGNATURE_REGION_LENGTH__ = DEFINED (__USER_SIGNATURE_REGION_LENGTH__)?__USER_SIGNATURE_REGION_LENGTH__:0x400

.hash
 *(.hash)

.dynsym
 *(.dynsym)

.dynstr
 *(.dynstr)

.gnu.version
 *(.gnu.version)

.gnu.version_d
 *(.gnu.version_d)

.gnu.version_r
 *(.gnu.version_r)

.rel.init
 *(.rel.init)

.rela.init
 *(.rela.init)

.rel.text
 *(.rel.text)
 *(.rel.text.*)
 *(.rel.gnu.linkonce.t*)

.rela.text
 *(.rela.text)
 *(.rela.text.*)
 *(.rela.gnu.linkonce.t*)

.rel.fini
 *(.rel.fini)

.rela.fini
 *(.rela.fini)

.rel.rodata
 *(.rel.rodata)
 *(.rel.rodata.*)
 *(.rel.gnu.linkonce.r*)

.rela.rodata
 *(.rela.rodata)
 *(.rela.rodata.*)
 *(.rela.gnu.linkonce.r*)

.rel.data
 *(.rel.data)
 *(.rel.data.*)
 *(.rel.gnu.linkonce.d*)

.rela.data
 *(.rela.data)
 *(.rela.data.*)
 *(.rela.gnu.linkonce.d*)

.rel.ctors
 *(.rel.ctors)

.rela.ctors
 *(.rela.ctors)

.rel.dtors
 *(.rel.dtors)

.rela.dtors
 *(.rela.dtors)

.rel.got
 *(.rel.got)

.rela.got
 *(.rela.got)

.rel.bss
 *(.rel.bss)

.rela.bss
 *(.rela.bss)

.rel.plt
 *(.rel.plt)

.rela.plt
 *(.rela.plt)

.text           0x0000000000000000      0x5be
 *(.vectors)
 .vectors       0x0000000000000000       0x28 /usr/lib/gcc/avr/5.4.0/../../../avr/lib/avr25/crtattiny88.o
                0x0000000000000000                __vectors
                0x0000000000000000                __vector_default
 *(.vectors)
 *(.progmem.gcc*)
                0x0000000000000028                . = ALIGN (0x2)
                0x0000000000000028                __trampolines_start = .
 *(.trampolines)
 .trampolines   0x0000000000000028        0x0 linker stubs
 *(.trampolines*)
                0x0000000000000028                __trampolines_end = .
 *libprintf_flt.a:*(.progmem.data)
 *libc.a:*(.progmem.data)
 *(.progmem*)
 .progmem.data  0x0000000000000028       0x10 timers.o
                0x0000000000000028                timing_values_PGM
                0x0000000000000038                . = ALIGN (0x2)
 *(.jumptables)
 *(.jumptables*)
 *(.lowtext)
 *(.lowtext*)
                0x0000000000000038                __ctors_start = .
 *(.ctors)
                0x0000000000000038                __ctors_end = .
                0x0000000000000038                __dtors_start = .
 *(.dtors)
                0x0000000000000038                __dtors_end = .
 SORT(*)(.ctors)
 SORT(*)(.dtors)
 *(.init0)
 .init0         0x0000000000000038        0x0 /usr/lib/gcc/avr/5.4.0/../../../avr/lib/avr25/crtattiny88.o
                0x0000000000000038                __init
 *(.init0)
 *(.init1)
 *(.init1)
 *(.init2)
 .init2         0x0000000000000038        0xc /usr/lib/gcc/avr/5.4.0/../../../avr/lib/avr25/crtattiny88.o
 *(.init2)
 *(.init3)
 *(.init3)
 *(.init4)
 .init4         0x0000000000000044       0x16 /usr/lib/gcc/avr/5.4.0/avr25/libgcc.a(_copy_data.o)
                0x0000000000000044                __do_copy_data
 .init4         0x000000000000005a       0x10 /usr/lib/gcc/avr/5.4.0/avr25/libgcc.a(_clear_bss.o)
                0x000000000000005a                __do_clear_bss
 *(.init4)
 *(.init5)
 *(.init5)
 *(.init6)
 *(.init6)
 *(.init7)
 *(.init7)
 *(.init8)
 *(.init8)
 *(.init9)
 .init9         0x000000000000006a        0x4 /usr/lib/gcc/avr/5.4.0/../../../avr/lib/avr25/crtattiny88.o
 *(.init9)
 *(.text)
 .text          0x000000000000006e        0x2 /usr/lib/gcc/avr/5.4.0/../../../avr/lib/avr25/crtattiny88.o
                0x000000000000006e                __vector_1
                0x000000000000006e                __vector_12
                0x000000000000006e                __bad_interrupt
                0x000000000000006e                __vector_6
                0x000000000000006e                __vector_3
                0x000000000000006e                __vector_11
                0x000000000000006e                __vector_13
                0x000000000000006e                __vector_17
                0x000000000000006e                __vector_19
                0x000000000000006e                __vector_7
                0x000000000000006e                __vector_4
                0x000000000000006e                __vector_2
                0x000000000000006e                __vector_15
                0x000000000000006e                __vector_8
                0x000000000000006e                __vector_10
                0x000000000000006e                __vector_16
                0x000000000000006e                __vector_18
 .text          0x0000000000000070       0x6a timers.o
                0x0000000000000070                getTime
                0x00000000000000a8                door_timer
 .text          0x00000000000000da      0x376 Main.o
                0x0000000000000104                doorPinWrite
                0x000000000000013e                readDip
                0x0000000000000184                dependentRetract
                0x00000000000002d0                buttonPressed
                0x0000000000000318                doorActive
                0x0000000000000336                activateDoor1
                0x00000000000003c8                activateDoor2
 .text          0x0000000000000450       0x96 interrupts.o
                0x0000000000000450                __vector_14
                0x00000000000004be                __vector_5
                0x00000000000004d2                __vector_9
 .text          0x00000000000004e6        0x0 /usr/lib/gcc/avr/5.4.0/avr25/libgcc.a(_mulsi3.o)
 .text          0x00000000000004e6        0x0 /usr/lib/gcc/avr/5.4.0/avr25/libgcc.a(_exit.o)
 .text          0x00000000000004e6        0x0 /usr/lib/gcc/avr/5.4.0/avr25/libgcc.a(_copy_data.o)
 .text          0x00000000000004e6        0x0 /usr/lib/gcc/avr/5.4.0/avr25/libgcc.a(_clear_bss.o)
                0x00000000000004e6                . = ALIGN (0x2)
 *(.text.*)
 .text.startup  0x00000000000004e6       0xa2 Main.o
                0x00000000000004e6                main
 .text.libgcc.mul
                0x0000000000000588       0x32 /usr/lib/gcc/avr/5.4.0/avr25/libgcc.a(_mulsi3.o)
                0x0000000000000588                __mulsi3
                0x000000000000058c                __mulsi3_helper
 .text.libgcc.div
                0x00000000000005ba        0x0 /usr/lib/gcc/avr/5.4.0/avr25/libgcc.a(_mulsi3.o)
 .text.libgcc   0x00000000000005ba        0x0 /usr/lib/gcc/avr/5.4.0/avr25/libgcc.a(_mulsi3.o)
 .text.libgcc.prologue
                0x00000000000005ba        0x0 /usr/lib/gcc/avr/5.4.0/avr25/libgcc.a(_mulsi3.o)
 .text.libgcc.builtins
                0x00000000000005ba        0x0 /usr/lib/gcc/avr/5.4.0/avr25/libgcc.a(_mulsi3.o)
 .text.libgcc.fmul
                0x00000000000005ba        0x0 /usr/lib/gcc/avr/5.4.0/avr25/libgcc.a(_mulsi3.o)
 .text.libgcc.fixed
                0x00000000000005ba        0x0 /usr/lib/gcc/avr/5.4.0/avr25/libgcc.a(_mulsi3.o)
 .text.libgcc.mul
                0x00000000000005ba        0x0 /usr/lib/gcc/avr/5.4.0/avr25/libgcc.a(_exit.o)
 .text.libgcc.div
                0x00000000000005ba        0x0 /usr/lib/gcc/avr/5.4.0/avr25/libgcc.a(_exit.o)
 .text.libgcc   0x00000000000005ba        0x0 /usr/lib/gcc/avr/5.4.0/avr25/libgcc.a(_exit.o)
 .text.libgcc.prologue
                0x00000000000005ba        0x0 /usr/lib/gcc/avr/5.4.0/avr25/libgcc.a(_exit.o)
 .text.libgcc.builtins
                0x00000000000005ba        0x0 /usr/lib/gcc/avr/5.4.0/avr25/libgcc.a(_exit.o)
 .text.libgcc.fmul
                0x00000000000005ba        0x0 /usr/lib/gcc/avr/5.4.0/avr25/libgcc.a(_exit.o)
 .text.libgcc.fixed
                0x00000000000005ba        0x0 /usr/lib/gcc/avr/5.4.0/avr25/libgcc.a(_exit.o)
 .text.libgcc.mul
                0x00000000000005ba        0x0 /usr/lib/gcc/avr/5.4.0/avr25/libgcc.a(_copy_data.o)
 .text.libgcc.div
                0x00000000000005ba        0x0 /usr/lib/gcc/avr/5.4.0/avr25/libgcc.a(_copy_data.o)
 .text.libgcc   0x00000000000005ba        0x0 /usr/lib/gcc/avr/5.4.0/avr25/libgcc.a(_copy_data.o)
 .text.libgcc.prologue
                0x00000000000005ba        0x0 /usr/lib/gcc/avr/5.4.0/avr25/libgcc.a(_copy_data.o)
 .text.libgcc.builtins
                0x00000000000005ba        0x0 /usr/lib/gcc/avr/5.4.0/avr25/libgcc.a(_copy_data.o)
 .text.libgcc.fmul
                0x00000000000005ba        0x0 /usr/lib/gcc/avr/5.4.0/avr25/libgcc.a(_copy_data.o)
 .text.libgcc.fixed
                0x00000000000005ba        0x0 /usr/lib/gcc/avr/5.4.0/avr25/libgcc.a(_copy_data.o)
 .text.libgcc.mul
                0x00000000000005ba        0x0 /usr/lib/gcc/avr/5.4.0/avr25/libgcc.a(_clear_bss.o)
 .text.libgcc.div
                0x00000000000005ba        0x0 /usr/lib/gcc/avr/5.4.0/avr25/libgcc.a(_clear_bss.o)
 .text.libgcc   0x00000000000005ba        0x0 /usr/lib/gcc/avr/5.4.0/avr25/libgcc.a(_clear_bss.o)
 .text.libgcc.prologue
                0x00000000000005ba        0x0 /usr/lib/gcc/avr/5.4.0/avr25/libgcc.a(_clear_bss.o)
 .text.libgcc.builtins
                0x00000000000005ba        0x0 /usr/lib/gcc/avr/5.4.0/avr25/libgcc.a(_clear_bss.o)
 .text.libgcc.fmul
                0x00000000000005ba        0x0 /usr/lib/gcc/avr/5.4.0/avr25/libgcc.a(_clear_bss.o)
 .text.libgcc.fixed
                0x00000000000005ba        0x0 /usr/lib/gcc/avr/5.4.0/avr25/libgcc.a(_clear_bss.o)
                0x00000000000005ba                . = ALIGN (0x2)
 *(.fini9)
 .fini9         0x00000000000005ba        0x0 /usr/lib/gcc/avr/5.4.0/avr25/libgcc.a(_exit.o)
                0x00000000000005ba                exit
                0x00000000000005ba                _exit
 *(.fini9)
 *(.fini8)
 *(.fini8)
 *(.fini7)
 *(.fini7)
 *(.fini6)
 *(.fini6)
 *(.fini5)
 *(.fini5)
 *(.fini4)
 *(.fini4)
 *(.fini3)
 *(.fini3)
 *(.fini2)
 *(.fini2)
 *(.fini1)
 *(.fini1)
 *(.fini0)
 .fini0         0x00000000000005ba        0x4 /usr/lib/gcc/avr/5.4.0/avr25/libgcc.a(_exit.o)
 *(.fini0)
                0x00000000000005be                _etext = .

.data           0x0000000000800100       0x12 load address 0x00000000000005be
                0x0000000000800100                PROVIDE (__data_start, .)
 *(.data)
 .data          0x0000000000800100        0x0 /usr/lib/gcc/avr/5.4.0/../../../avr/lib/avr25/crtattiny88.o
 .data          0x0000000000800100        0x0 timers.o
 .data          0x0000000000800100       0x11 Main.o
                0x0000000000800100                dip_switch
                0x0000000000800103                dr2
                0x000000000080010a                dr1
 .data          0x0000000000800111        0x0 interrupts.o
 .data          0x0000000000800111        0x0 /usr/lib/gcc/avr/5.4.0/avr25/libgcc.a(_mulsi3.o)
 .data          0x0000000000800111        0x0 /usr/lib/gcc/avr/5.4.0/avr25/libgcc.a(_exit.o)
 .data          0x0000000000800111        0x0 /usr/lib/gcc/avr/5.4.0/avr25/libgcc.a(_copy_data.o)
 .data          0x0000000000800111        0x0 /usr/lib/gcc/avr/5.4.0/avr25/libgcc.a(_clear_bss.o)
 *(.data*)
 *(.rodata)
 *(.rodata*)
 *(.gnu.linkonce.d*)
                0x0000000000800112                . = ALIGN (0x2)
 *fill*         0x0000000000800111        0x1 
                0x0000000000800112                _edata = .
                0x0000000000800112                PROVIDE (__data_end, .)

.bss            0x0000000000800112        0x9
                0x0000000000800112                PROVIDE (__bss_start, .)
 *(.bss)
 .bss           0x0000000000800112        0x0 /usr/lib/gcc/avr/5.4.0/../../../avr/lib/avr25/crtattiny88.o
 .bss           0x0000000000800112        0x0 timers.o
 .bss           0x0000000000800112        0x0 Main.o
 .bss           0x0000000000800112        0x9 interrupts.o
                0x0000000000800112                counter_dr2
                0x0000000000800114                counter_dr1
                0x0000000000800116                timer0_fract
                0x0000000000800117                timer0_millis
 .bss           0x000000000080011b        0x0 /usr/lib/gcc/avr/5.4.0/avr25/libgcc.a(_mulsi3.o)
 .bss           0x000000000080011b        0x0 /usr/lib/gcc/avr/5.4.0/avr25/libgcc.a(_exit.o)
 .bss           0x000000000080011b        0x0 /usr/lib/gcc/avr/5.4.0/avr25/libgcc.a(_copy_data.o)
 .bss           0x000000000080011b        0x0 /usr/lib/gcc/avr/5.4.0/avr25/libgcc.a(_clear_bss.o)
 *(.bss*)
 *(COMMON)
 COMMON         0x000000000080011b        0x0 timers.o
                0x000000000080011b                PROVIDE (__bss_end, .)
                0x00000000000005be                __data_load_start = LOADADDR (.data)
                0x00000000000005d0                __data_load_end = (__data_load_start + SIZEOF (.data))

.noinit         0x000000000080011b        0x0
                [!provide]                        PROVIDE (__noinit_start, .)
 *(.noinit*)
                [!provide]                        PROVIDE (__noinit_end, .)
                0x000000000080011b                _end = .
                [!provide]                        PROVIDE (__heap_start, .)

.eeprom         0x0000000000810000        0x0
 *(.eeprom*)
                0x0000000000810000                __eeprom_end = .

.fuse
 *(.fuse)
 *(.lfuse)
 *(.hfuse)
 *(.efuse)

.lock
 *(.lock*)

.signature
 *(.signature*)

.user_signatures
 *(.user_signatures*)

.stab           0x0000000000000000     0x1fb0
 *(.stab)
 .stab          0x0000000000000000      0x738 timers.o
 .stab          0x0000000000000738     0x120c Main.o
                                       0x1218 (size before relaxing)
 .stab          0x0000000000001944      0x66c interrupts.o
                                        0x678 (size before relaxing)

.stabstr        0x0000000000000000     0x57f0
 *(.stabstr)
 .stabstr       0x0000000000000000     0x57f0 timers.o

.stab.excl
 *(.stab.excl)

.stab.exclstr
 *(.stab.exclstr)

.stab.index
 *(.stab.index)

.stab.indexstr
 *(.stab.indexstr)

.comment        0x0000000000000000       0x11
 *(.comment)
 .comment       0x0000000000000000       0x11 timers.o
                                         0x12 (size before relaxing)
 .comment       0x0000000000000011       0x12 Main.o
 .comment       0x0000000000000011       0x12 interrupts.o

.note.gnu.avr.deviceinfo
                0x0000000000000000       0x3c
 .note.gnu.avr.deviceinfo
                0x0000000000000000       0x3c /usr/lib/gcc/avr/5.4.0/../../../avr/lib/avr25/crtattiny88.o

.note.gnu.build-id
 *(.note.gnu.build-id)

.debug
 *(.debug)

.line
 *(.line)

.debug_srcinfo
 *(.debug_srcinfo)

.debug_sfnames
 *(.debug_sfnames)

.debug_aranges
 *(.debug_aranges)

.debug_pubnames
 *(.debug_pubnames)

.debug_info     0x0000000000000000      0x576
 *(.debug_info .gnu.linkonce.wi.*)
 .debug_info    0x0000000000000000      0x576 /usr/lib/gcc/avr/5.4.0/../../../avr/lib/avr25/crtattiny88.o

.debug_abbrev   0x0000000000000000      0x52b
 *(.debug_abbrev)
 .debug_abbrev  0x0000000000000000      0x52b /usr/lib/gcc/avr/5.4.0/../../../avr/lib/avr25/crtattiny88.o

.debug_line     0x0000000000000000       0x1a
 *(.debug_line .debug_line.* .debug_line_end)
 .debug_line    0x0000000000000000       0x1a /usr/lib/gcc/avr/5.4.0/../../../avr/lib/avr25/crtattiny88.o

.debug_frame
 *(.debug_frame)

.debug_str      0x0000000000000000      0x1d9
 *(.debug_str)
 .debug_str     0x0000000000000000      0x1d9 /usr/lib/gcc/avr/5.4.0/../../../avr/lib/avr25/crtattiny88.o

.debug_loc
 *(.debug_loc)

.debug_macinfo
 *(.debug_macinfo)

.debug_weaknames
 *(.debug_weaknames)

.debug_funcnames
 *(.debug_funcnames)

.debug_typenames
 *(.debug_typenames)

.debug_varnames
 *(.debug_varnames)

.debug_pubtypes
 *(.debug_pubtypes)

.debug_ranges
 *(.debug_ranges)

.debug_macro
 *(.debug_macro)
OUTPUT(ER-Firmware.out elf32-avr)
LOAD linker stubs
